** whois:
[daniele@thinkbook14 randoop]$ java -cp /home/daniele/randoop/jars/randoop-all-4.3.2.jar:/home/daniele/IdeaProjects/commons-net/target/classes randoop.main.Main gentests --test-package org.apache.commons.net.whois --time-limit=20 --junit-output-dir=randoop-tests/whois
Randoop for Java version 4.3.2.

Will try to generate tests for 1 classes.
PUBLIC MEMBERS=53
Explorer = ForwardGenerator(steps: 0, null steps: 0, num_sequences_generated: 0;
    allSequences: 0, regresson seqs: 0, error seqs: 0=0=0, invalid seqs: 0, subsumed_sequences: 0, num_failed_output_test: 0;
    sideEffectFreeMethods: 1115, runtimePrimitivesSeen: 38)

Progress update: steps=1, test inputs generated=0, failing inputs=0      (2023-12-09T14:35:46.703Z     44,1M used)
Progress update: steps=269, test inputs generated=247, failing inputs=86      (2023-12-09T14:36:46.710Z     353M used)Long execution time 60 sec for
org.apache.commons.net.whois.WhoisClient whoisClient0 = new org.apache.commons.net.whois.WhoisClient();
boolean boolean1 = whoisClient0.isAvailable();
java.net.Proxy proxy2 = whoisClient0.getProxy();
boolean boolean3 = whoisClient0.isAvailable();
java.net.InetAddress inetAddress6 = null;
whoisClient0.connect("whois.internic.net", 0, inetAddress6, 1);


Progress update: steps=269, test inputs generated=248, failing inputs=86      (2023-12-09T14:36:57.073Z     361M used)
Normal method executions: 3909
Exceptional method executions: 154

Average method execution time (normal termination):      0,00297
Average method execution time (exceptional termination): 442
Approximate memory usage 361M
Explorer = ForwardGenerator(steps: 269, null steps: 21, num_sequences_generated: 248;
    allSequences: 248, regresson seqs: 161, error seqs: 86=86=86, invalid seqs: 0, subsumed_sequences: 0, num_failed_output_test: 1;
    sideEffectFreeMethods: 1115, runtimePrimitivesSeen: 43)

Error-revealing test output:
Error-revealing test count: 86
Writing error-revealing JUnit tests...
Created file /home/daniele/randoop/randoop-tests/whois/ErrorTest0.java
Created file /home/daniele/randoop/randoop-tests/whois/ErrorTest.java
Wrote error-revealing JUnit tests.

About to look for failing assertions in 105 regression sequences.

Regression test output:
Regression test count: 105
Writing regression JUnit tests...
Created file /home/daniele/randoop/randoop-tests/whois/RegressionTest0.java
Created file /home/daniele/randoop/randoop-tests/whois/RegressionTest.java
Wrote regression JUnit tests.
About to look for flaky methods.



Invalid tests generated: 0


** pop3:
[daniele@thinkbook14 randoop]$ java -cp /home/daniele/randoop/jars/randoop-all-4.3.2.jar:/home/daniele/IdeaProjects/commons-net/target/classes randoop.main.Main gentests --test-package org.apache.commons.net.pop3 --time-limit=20 --junit-output-dir=randoop-tests/pop3
Randoop for Java version 4.3.2.

Will try to generate tests for 8 classes.
PUBLIC MEMBERS=126
Explorer = ForwardGenerator(steps: 0, null steps: 0, num_sequences_generated: 0;
    allSequences: 0, regresson seqs: 0, error seqs: 0=0=0, invalid seqs: 0, subsumed_sequences: 0, num_failed_output_test: 0;
    sideEffectFreeMethods: 1115, runtimePrimitivesSeen: 38)

Progress update: steps=1, test inputs generated=0, failing inputs=0      (2023-12-09T15:29:00.795Z     11,5M used)
Progress update: steps=461, test inputs generated=433, failing inputs=22      (2023-12-09T15:29:24.171Z     327M used)
Normal method executions: 7773
Exceptional method executions: 114

Average method execution time (normal termination):      0,00294
Average method execution time (exceptional termination): 173
Approximate memory usage 327M
Explorer = ForwardGenerator(steps: 461, null steps: 28, num_sequences_generated: 433;
    allSequences: 433, regresson seqs: 410, error seqs: 22=22=22, invalid seqs: 0, subsumed_sequences: 0, num_failed_output_test: 1;
    sideEffectFreeMethods: 1115, runtimePrimitivesSeen: 64)

Error-revealing test output:
Error-revealing test count: 22
Writing error-revealing JUnit tests...
Created file /home/daniele/randoop/randoop-tests/pop3/ErrorTest0.java
Created file /home/daniele/randoop/randoop-tests/pop3/ErrorTest.java
Wrote error-revealing JUnit tests.

About to look for failing assertions in 242 regression sequences.

Regression test output:
Regression test count: 242
Writing regression JUnit tests...
Created file /home/daniele/randoop/randoop-tests/pop3/RegressionTest0.java
Created file /home/daniele/randoop/randoop-tests/pop3/RegressionTest.java
Wrote regression JUnit tests.
About to look for flaky methods.

Invalid tests generated: 0


** finger
[daniele@thinkbook14 randoop]$ java -cp /home/daniele/randoop/jars/randoop-all-4.3.2.jar:/home/daniele/IdeaProjects/commons-net/target/classes randoop.main.Main gentests --test-package org.apache.commons.net.finger --time-limit=20 --junit-output-dir=randoop-tests/finger
Randoop for Java version 4.3.2.

Will try to generate tests for 1 classes.
PUBLIC MEMBERS=50
Explorer = ForwardGenerator(steps: 0, null steps: 0, num_sequences_generated: 0;
    allSequences: 0, regresson seqs: 0, error seqs: 0=0=0, invalid seqs: 0, subsumed_sequences: 0, num_failed_output_test: 0;
    sideEffectFreeMethods: 1115, runtimePrimitivesSeen: 38)

Progress update: steps=1, test inputs generated=0, failing inputs=0      (2023-12-09T15:59:21.846Z     42,9M used)
Progress update: steps=1000, test inputs generated=949, failing inputs=152      (2023-12-09T15:59:40.709Z     249M used)
Progress update: steps=1237, test inputs generated=1178, failing inputs=170      (2023-12-09T15:59:41.846Z     646M used)
Normal method executions: 38266
Exceptional method executions: 690

Average method execution time (normal termination):      0,000721
Average method execution time (exceptional termination): 17,1
Approximate memory usage 646M
Explorer = ForwardGenerator(steps: 1237, null steps: 59, num_sequences_generated: 1178;
    allSequences: 1178, regresson seqs: 1007, error seqs: 170=170=170, invalid seqs: 0, subsumed_sequences: 0, num_failed_output_test: 1;
    sideEffectFreeMethods: 1115, runtimePrimitivesSeen: 42)

Error-revealing test output:
Error-revealing test count: 170
Writing error-revealing JUnit tests...
Created file /home/daniele/randoop/randoop-tests/finger/ErrorTest0.java
Created file /home/daniele/randoop/randoop-tests/finger/ErrorTest.java
Wrote error-revealing JUnit tests.

About to look for failing assertions in 669 regression sequences.

Regression test output:
Regression test count: 669
Writing regression JUnit tests...
Created file /home/daniele/randoop/randoop-tests/finger/RegressionTest0.java
Created file /home/daniele/randoop/randoop-tests/finger/RegressionTest1.java
Created file /home/daniele/randoop/randoop-tests/finger/RegressionTest.java
Wrote regression JUnit tests.
About to look for flaky methods.

Invalid tests generated: 0


** discard
[daniele@thinkbook14 randoop]$ java -cp /home/daniele/randoop/jars/randoop-all-4.3.2.jar:/home/daniele/IdeaProjects/commons-net/target/classes randoop.main.Main gentests --test-package org.apache.commons.net.discard --time-limit=20 --junit-output-dir=randoop-tests/discard
Randoop for Java version 4.3.2.

Will try to generate tests for 2 classes.
PUBLIC MEMBERS=69
Explorer = ForwardGenerator(steps: 0, null steps: 0, num_sequences_generated: 0;
    allSequences: 0, regresson seqs: 0, error seqs: 0=0=0, invalid seqs: 0, subsumed_sequences: 0, num_failed_output_test: 0;
    sideEffectFreeMethods: 1115, runtimePrimitivesSeen: 38)

Progress update: steps=1, test inputs generated=0, failing inputs=0      (2023-12-09T14:21:36.390Z     44,0M used)
Progress update: steps=1000, test inputs generated=900, failing inputs=116      (2023-12-09T14:21:51.329Z     544M used)
Progress update: steps=1218, test inputs generated=1102, failing inputs=136      (2023-12-09T14:21:56.392Z     49,5M used)
Normal method executions: 66829
Exceptional method executions: 475

Average method execution time (normal termination):      0,00170
Average method execution time (exceptional termination): 24,2
Approximate memory usage 49,5M
Explorer = ForwardGenerator(steps: 1218, null steps: 116, num_sequences_generated: 1102;
    allSequences: 1102, regresson seqs: 965, error seqs: 136=136=136, invalid seqs: 0, subsumed_sequences: 0, num_failed_output_test: 1;
    sideEffectFreeMethods: 1115, runtimePrimitivesSeen: 65)

Error-revealing test output:
Error-revealing test count: 136
Writing error-revealing JUnit tests...
Created file /home/daniele/randoop/randoop-tests/discard/ErrorTest0.java
Created file /home/daniele/randoop/randoop-tests/discard/ErrorTest.java
Wrote error-revealing JUnit tests.

About to look for failing assertions in 588 regression sequences.

Regression test output:
Regression test count: 588
Writing regression JUnit tests...
Created file /home/daniele/randoop/randoop-tests/discard/RegressionTest0.java
                                                                                                                              Created file /home/daniele/randoop/randoop-tests/discard/RegressionTest1.java
Created file /home/daniele/randoop/randoop-tests/discard/RegressionTest.java
Wrote regression JUnit tests.
About to look for flaky methods.

Flaky tests were generated. This means that your program contains
methods that are nondeterministic or depend on non-local state.
The following methods, in decreasing order of likelihood,
are the most likely to be the problem.
  Possibly flaky:  org.apache.commons.net.DatagramSocketClient.getLocalPort()
  Possibly flaky:  org.apache.commons.net.DatagramSocketClient.getDefaultTimeout()
  Possibly flaky:  org.apache.commons.net.SocketClient.connect(java.net.InetAddress,int)
  Possibly flaky:  org.apache.commons.net.DatagramSocketClient.getSoTimeoutDuration()
  Possibly flaky:  org.apache.commons.net.DatagramSocketClient.getSoTimeout()
  Possibly flaky:  org.apache.commons.net.DatagramSocketClient.open(int)
  Possibly flaky:  org.apache.commons.net.discard.DiscardUDPClient.send(byte[],int,java.net.InetAddress)
  Possibly flaky:  org.apache.commons.net.DatagramSocketClient.setCharset(java.nio.charset.Charset)
  Possibly flaky:  org.apache.commons.net.DatagramSocketClient.setSoTimeout(int)
  Possibly flaky:  org.apache.commons.net.DatagramSocketClient.getCharset()
To prevent the generation of flaky tests, see section 'Randoop generated flaky tests'
 at https://randoop.github.io/randoop/manual/#flaky-tests .


Invalid tests generated: 0


** bsd
[daniele@thinkbook14 randoop]$ java -cp /home/daniele/randoop/jars/randoop-all-4.3.2.jar:/home/daniele/IdeaProjects/commons-net/target/classes randoop.main.Main gentests --test-package org.apache.commons.net.bsd --time-limit=20 --junit-output-dir=randoop-tests/bsd
Randoop for Java version 4.3.2.

Will try to generate tests for 3 classes.
PUBLIC MEMBERS=68
Explorer = ForwardGenerator(steps: 0, null steps: 0, num_sequences_generated: 0;
    allSequences: 0, regresson seqs: 0, error seqs: 0=0=0, invalid seqs: 0, subsumed_sequences: 0, num_failed_output_test: 0;
    sideEffectFreeMethods: 1115, runtimePrimitivesSeen: 38)

Progress update: steps=1, test inputs generated=0, failing inputs=0      (2023-12-09T16:40:39.229Z     50,8M used)
Progress update: steps=898, test inputs generated=864, failing inputs=184      (2023-12-09T16:41:01.920Z     82,5M used)
Normal method executions: 26968
Exceptional method executions: 497

Average method execution time (normal termination):      0,00120
Average method execution time (exceptional termination): 31,0
Approximate memory usage 82,5M
Explorer = ForwardGenerator(steps: 898, null steps: 34, num_sequences_generated: 864;
    allSequences: 864, regresson seqs: 679, error seqs: 184=184=184, invalid seqs: 0, subsumed_sequences: 0, num_failed_output_test: 1;
    sideEffectFreeMethods: 1115, runtimePrimitivesSeen: 45)

Error-revealing test output:
Error-revealing test count: 184
Writing error-revealing JUnit tests...
Created file /home/daniele/randoop/randoop-tests/bsd/ErrorTest0.java
Created file /home/daniele/randoop/randoop-tests/bsd/ErrorTest.java
Wrote error-revealing JUnit tests.

About to look for failing assertions in 437 regression sequences.

Regression test output:
Regression test count: 437
Writing regression JUnit tests...
Created file /home/daniele/randoop/randoop-tests/bsd/RegressionTest0.java
Created file /home/daniele/randoop/randoop-tests/bsd/RegressionTest.java
Wrote regression JUnit tests.
About to look for flaky methods.

Invalid tests generated: 0
